// Jest Snapshot v1, https://goo.gl/fbAQLP

exports[`TheUserView renders the view 1`] = `
<div>
  <!---->
  <!---->
</div>
`;
