// Jest Snapshot v1, https://goo.gl/fbAQLP

exports[`VUserSearchForm renders the component 1`] = `
<form>
  <!---->
</form>
`;
